2026-08-08 12:49:25,115 REQUEST GET /health 
2026-08-08 12:49:25,116 RESPONSE GET /health 200
2026-08-08 12:49:25,127 REQUEST POST /vapi {
  "message": {
    "type": "tool-calls",
    "callId": "curl_test_001",
    "toolWithToolCallList": [
      {
        "toolCallId": "call_123",
        "function": {
          "name": "get_account_details",
          "arguments": "{}"
        }
      }
    ]
  }
}
2026-08-08 12:49:25,127 event=session_created call_id=curl_test_001 phone=None
2026-08-08 12:49:25,127 event=tool_result call_id=curl_test_001 name=get_account_details result={"error": "auth_required", "message": "Operation 'get_account_details' is unavailable until identity verification succeeds. Ask the user for their DOB and last 4 digits of ID before proceeding."}
2026-08-08 12:49:25,128 RESPONSE POST /vapi 200
